--- https://aventuradentalarts.com
   ok blocks=12
   PSAVED probes/aventuradentalarts-com.json
--- https://www.grandstreetdental.com
   ok blocks=9
   PSAVED probes/grandstreetdental-com.json
--- https://www.zen.dentist
   ok blocks=10
   PSAVED probes/zen-dentist.json
--- https://statenislandoralsurgery.us
   ok blocks=12
   PSAVED probes/statenislandoralsurgery-us.json
--- https://advancedperioatl.com
   ok blocks=12
   PSAVED probes/advancedperioatl-com.json
--- https://firesidedc.com
   ok blocks=9
   PSAVED probes/firesidedc-com.json
--- https://www.thegleamery.com
   ok blocks=16
   PSAVED probes/thegleamery-com.json
--- https://villagedentaldtc.com
   ok blocks=11
   PSAVED probes/villagedentaldtc-com.json
--- https://fornidental.com
   ok blocks=14
   PSAVED probes/fornidental-com.json
--- https://docmac.com
   ok blocks=8
   PSAVED probes/docmac-com.json
--- https://dentologie.com
   ok blocks=9
   PSAVED probes/dentologie-com.json
--- https://www.thetoothco.com
   ok blocks=8
   PSAVED probes/thetoothco-com.json
--- https://jacksonfamilydental.com
   ok blocks=1
   PSAVED probes/jacksonfamilydental-com.json
PROBE-DONE
