--- https://aventuradentalarts.com
   ok screens=20.5 secs=9 heroLum=0.638
   SAVED sites/aventuradentalarts-com.json
--- https://www.grandstreetdental.com
   ok screens=9.1 secs=9 heroLum=0.857
   SAVED sites/grandstreetdental-com.json
--- https://www.zen.dentist
   ok screens=11.5 secs=9 heroLum=0.759
   SAVED sites/zen-dentist.json
--- https://www.perlsmile.co
   ok screens=0 secs=0 heroLum=1.0
   SAVED sites/perlsmile-co.json
--- https://statenislandoralsurgery.us
   ok screens=13.7 secs=4 heroLum=0.914
   SAVED sites/statenislandoralsurgery-us.json
--- https://advancedperioatl.com
   ok screens=10 secs=1 heroLum=0.732
   SAVED sites/advancedperioatl-com.json
--- https://firesidedc.com
   ok screens=15.4 secs=9 heroLum=0.775
   SAVED sites/firesidedc-com.json
--- https://www.thegleamery.com
   ok screens=14.1 secs=15 heroLum=0.42
   SAVED sites/thegleamery-com.json
--- https://villagedentaldtc.com
   ok screens=9.1 secs=1 heroLum=0.358
   SAVED sites/villagedentaldtc-com.json
--- https://fornidental.com
   ok screens=8.7 secs=1 heroLum=0.43
   SAVED sites/fornidental-com.json
--- https://docmac.com
   ok screens=6.9 secs=7 heroLum=0.879
   SAVED sites/docmac-com.json
--- https://dentologie.com
   ok screens=8.4 secs=8 heroLum=0.88
   SAVED sites/dentologie-com.json
--- https://www.thetoothco.com
   ok screens=7.4 secs=7 heroLum=0.499
   SAVED sites/thetoothco-com.json
--- https://jacksonfamilydental.com
   ok screens=4.4 secs=2 heroLum=0.925
   SAVED sites/jacksonfamilydental-com.json
BATCH-DONE
